// Jest Snapshot v1, https://goo.gl/fbAQLP

exports[`base components / bc-label Default smoke-test 2`] = `
<label class="text-base font-normal text-slate-600">
  Input Label
</label>
`;
